// Jest Snapshot v1, https://goo.gl/fbAQLP

exports[`Missions Render Rockets Component 1`] = `
<div
  className="container"
/>
`;
